{"nb_uniq_visitors":6,"nb_visits":7,"nb_users":6,"nb_actions":9,"max_actions":3,"bounce_count":6,"sum_visit_length":361,"nb_visits_returning":1,"nb_actions_returning":1,"nb_uniq_visitors_returning":1,"nb_users_returning":1,"max_actions_returning":1,"bounce_rate_returning":"100%","nb_actions_per_visit_returning":1,"avg_time_on_site_returning":0,"nb_conversions":0,"nb_visits_converted":0,"revenue":0,"conversion_rate":"0%","nb_conversions_new_visit":0,"nb_visits_converted_new_visit":0,"revenue_new_visit":0,"conversion_rate_new_visit":"0%","nb_conversions_returning_visit":0,"nb_visits_converted_returning_visit":0,"revenue_returning_visit":0,"conversion_rate_returning_visit":"0%","nb_total_overall_bandwidth":0,"nb_total_pageview_bandwidth":0,"nb_total_download_bandwidth":0,"nb_pageviews":9,"nb_uniq_pageviews":8,"nb_downloads":0,"nb_uniq_downloads":0,"nb_outlinks":0,"nb_uniq_outlinks":0,"nb_searches":0,"nb_keywords":0,"bounce_rate":"86%","nb_actions_per_visit":1.3,"avg_time_on_site":52}